              precision    recall  f1-score   support

           0     0.9223    0.9893    0.9546      5804
           1     0.0000    0.0000    0.0000        86
           2     0.6147    0.6036    0.6091       111
           3     0.7534    0.5046    0.6044       109
           4     0.0000    0.0000    0.0000        79
           5     0.6087    0.1077    0.1830       130
           6     0.0000    0.0000    0.0000       112

    accuracy                         0.9140      6431
   macro avg     0.4142    0.3150    0.3359      6431
weighted avg     0.8680    0.9140    0.8860      6431
